========================================================================================================
 MUTATION MECHANICS -- GAI-A on gauss_of_sin, 5 paired seeds
 reset   = re-initialise the mutated node (current behaviour)
 transfer= carry its weights into the new operator (never tested)
========================================================================================================
arm       seed    best loss  muts  shock (x worse)  recovery (ep)  productive
--------------------------------------------------------------------------------------------------------
[GAI-A/reset] Epoch 0: Val Loss 1.20452 | Temp 0.5000
[GAI-A/reset] Epoch 500: Val Loss 0.00004 | Temp 0.4375
[GAI-A/reset] Epoch 1000: Val Loss 0.00001 | Temp 0.3750

[GAI-A/reset] --- Stagnation at Score -0.0000 ---
  [GAI-A/reset] [Evolution] Targeting Chain 0 Layer 1 (Imp: 1.692e-07)...
    [GAI-A/reset] -> Mutating: GAUSSIAN ===> SQUARE
[GAI-A/reset] Epoch 1500: Val Loss 0.00703 | Temp 0.3125
  [GAI-A/reset] [Result] 'SQUARE' REJECTED. Score: -0.0000 (Delta: 0.0000)
  [GAI-A/reset] Instant Retry: Triggering evolution again...

[GAI-A/reset] --- Stagnation at Score -0.0000 ---
  [GAI-A/reset] [Evolution] Targeting Chain 0 Layer 1 (Imp: 1.559e-07)...
    [GAI-A/reset] -> Mutating: GAUSSIAN ===> TANH
  [GAI-A/reset] [Result] 'TANH' REJECTED. Score: -0.0000 (Delta: 0.0000)
  [GAI-A/reset] Instant Retry: Triggering evolution again...

[GAI-A/reset] --- Stagnation at Score -0.0000 ---
  [GAI-A/reset] [Evolution] Targeting Chain 0 Layer 1 (Imp: 1.443e-07)...
    [GAI-A/reset] -> Mutating: GAUSSIAN ===> IDENTITY
  [GAI-A/reset] [Result] 'IDENTITY' REJECTED. Score: -0.0000 (Delta: 0.0000)
  [GAI-A/reset] Instant Retry: Triggering evolution again...
[GAI-A/reset] Epoch 2000: Val Loss 0.00001 | Temp 0.2500

[GAI-A/reset] --- Stagnation at Score -0.0000 ---
  [GAI-A/reset] [Evolution] Targeting Chain 0 Layer 1 (Imp: 1.350e-07)...
    [GAI-A/reset] -> Mutating: GAUSSIAN ===> SIN
  [GAI-A/reset] [Result] 'SIN' REJECTED. Score: -0.0000 (Delta: 0.0000)
  [GAI-A/reset] Instant Retry: Triggering evolution again...

[GAI-A/reset] --- Stagnation at Score -0.0000 ---
  [GAI-A/reset] [Evolution] Targeting Chain 0 Layer 1 (Imp: 1.276e-07)...
    [GAI-A/reset] -> Mutating: GAUSSIAN ===> RELU
  [GAI-A/reset] [Result] 'RELU' REJECTED. Score: -0.0000 (Delta: 0.0000)
  [GAI-A/reset] Instant Retry: Triggering evolution again...

[GAI-A/reset] --- Stagnation at Score -0.0000 ---
  [GAI-A/reset] [Evolution] Targeting Chain 0 Layer 1 (Imp: 1.205e-07)...
  [GAI-A/reset] [Evolution] Targeting Chain 0 Layer 0 (Imp: 1.837e-07)...
    [GAI-A/reset] -> Mutating: GAUSSIAN ===> SQUARE
  [GAI-A/reset] [Result] 'SQUARE' REJECTED. Score: -0.0000 (Delta: 0.0000)
  [GAI-A/reset] Instant Retry: Triggering evolution again...
[GAI-A/reset] Epoch 2500: Val Loss 0.00001 | Temp 0.1875

[GAI-A/reset] --- Stagnation at Score -0.0000 ---
  [GAI-A/reset] [Evolution] Targeting Chain 0 Layer 1 (Imp: 1.145e-07)...
  [GAI-A/reset] [Evolution] Targeting Chain 0 Layer 0 (Imp: 1.754e-07)...
    [GAI-A/reset] -> Mutating: GAUSSIAN ===> SIN
  [GAI-A/reset] [Result] 'SIN' REJECTED. Score: -0.0000 (Delta: 0.0000)
  [GAI-A/reset] Instant Retry: Triggering evolution again...

[GAI-A/reset] --- Stagnation at Score -0.0000 ---
  [GAI-A/reset] [Evolution] Targeting Chain 0 Layer 1 (Imp: 1.091e-07)...
  [GAI-A/reset] [Evolution] Targeting Chain 0 Layer 0 (Imp: 1.680e-07)...
    [GAI-A/reset] -> Mutating: GAUSSIAN ===> RELU
  [GAI-A/reset] [Result] 'RELU' REJECTED. Score: -0.0000 (Delta: 0.0000)
  [GAI-A/reset] Instant Retry: Triggering evolution again...

[GAI-A/reset] --- Stagnation at Score -0.0000 ---
  [GAI-A/reset] [Evolution] Targeting Chain 0 Layer 1 (Imp: 1.042e-07)...
  [GAI-A/reset] [Evolution] Targeting Chain 0 Layer 0 (Imp: 1.612e-07)...
    [GAI-A/reset] -> Mutating: GAUSSIAN ===> TANH
  [GAI-A/reset] [Result] 'TANH' REJECTED. Score: -0.0000 (Delta: 0.0000)
  [GAI-A/reset] Instant Retry: Triggering evolution again...
[GAI-A/reset] Epoch 3000: Val Loss 0.00001 | Temp 0.1250

[GAI-A/reset] --- Stagnation at Score -0.0000 ---
  [GAI-A/reset] [Evolution] Targeting Chain 0 Layer 1 (Imp: 9.977e-08)...
  [GAI-A/reset] [Evolution] Targeting Chain 0 Layer 0 (Imp: 1.552e-07)...
    [GAI-A/reset] -> Mutating: GAUSSIAN ===> IDENTITY
  [GAI-A/reset] [Result] 'IDENTITY' REJECTED. Score: -0.0000 (Delta: 0.0000)
  [GAI-A/reset] Instant Retry: Triggering evolution again...

[GAI-A/reset] --- Stagnation at Score -0.0000 ---
  [GAI-A/reset] [Evolution] Targeting Chain 0 Layer 1 (Imp: 9.568e-08)...
  [GAI-A/reset] [Evolution] Targeting Chain 0 Layer 0 (Imp: 1.495e-07)...
  [GAI-A/reset] [Evolution] Targeting Chain 1 Layer 1 (Imp: 1.775e-07)...
    [GAI-A/reset] -> Mutating: GAUSSIAN ===> TANH
  [GAI-A/reset] [Result] 'TANH' REJECTED. Score: -0.0000 (Delta: 0.0000)
  [GAI-A/reset] Instant Retry: Triggering evolution again...

[GAI-A/reset] --- Stagnation at Score -0.0000 ---
  [GAI-A/reset] [Evolution] Targeting Chain 0 Layer 1 (Imp: 9.199e-08)...
  [GAI-A/reset] [Evolution] Targeting Chain 0 Layer 0 (Imp: 1.446e-07)...
  [GAI-A/reset] [Evolution] Targeting Chain 1 Layer 1 (Imp: 1.716e-07)...
    [GAI-A/reset] -> Mutating: GAUSSIAN ===> RELU
  [GAI-A/reset] [Result] 'RELU' REJECTED. Score: -0.0000 (Delta: 0.0000)
  [GAI-A/reset] Instant Retry: Triggering evolution again...
[GAI-A/reset] Epoch 3500: Val Loss 0.00003 | Temp 0.0625

[GAI-A/reset] --- Stagnation at Score -0.0000 ---
  [GAI-A/reset] [Evolution] Targeting Chain 0 Layer 1 (Imp: 8.903e-08)...
  [GAI-A/reset] [Evolution] Targeting Chain 0 Layer 0 (Imp: 1.411e-07)...
  [GAI-A/reset] [Evolution] Targeting Chain 1 Layer 1 (Imp: 1.667e-07)...
    [GAI-A/reset] -> Mutating: GAUSSIAN ===> SIN
  [GAI-A/reset] [Result] 'SIN' REJECTED. Score: -0.0000 (Delta: 0.0000)
  [GAI-A/reset] Instant Retry: Triggering evolution again...

[GAI-A/reset] --- Stagnation at Score -0.0000 ---
  [GAI-A/reset] [Evolution] Targeting Chain 0 Layer 1 (Imp: 8.603e-08)...
    [GAI-A/reset] -> Mutating: GAUSSIAN ===> TANH
  [GAI-A/reset] [Result] 'TANH' REJECTED. Score: -0.0000 (Delta: 0.0000)
  [GAI-A/reset] Instant Retry: Triggering evolution again...

[GAI-A/reset] --- Stagnation at Score -0.0000 ---
  [GAI-A/reset] [Evolution] Targeting Chain 0 Layer 1 (Imp: 8.340e-08)...
    [GAI-A/reset] -> Mutating: GAUSSIAN ===> SIN
  [GAI-A/reset] [Result] 'SIN' REJECTED. Score: -0.0000 (Delta: 0.0000)
  [GAI-A/reset] Instant Retry: Triggering evolution again...
[GAI-A/reset] Restoring Best Ever State (Score: -0.0000)

[GAI-A/reset] --- Starting Efficiency Optimization ---
  [GAI-A/reset] Testing size H=24 (Params: 2569)...
    -> Score: -0.0885 (Baseline: -0.0000)
    -> REJECTED (Too much degradation).
  [GAI-A/reset] Testing size H=16 (Params: 1201)...
    -> Score: -0.0384 (Baseline: -0.0000)
    -> REJECTED (Too much degradation).
  [GAI-A/reset] Testing size H=12 (Params: 709)...
    -> Score: -0.0845 (Baseline: -0.0000)
    -> REJECTED (Too much degradation).
  [GAI-A/reset] Testing size H=8 (Params: 345)...
    -> Score: -0.0839 (Baseline: -0.0000)
    -> REJECTED (Too much degradation).
reset        0    3.051e-06    15             1.0x              0    0/15    
[GAI-A/reset] Epoch 0: Val Loss 0.10745 | Temp 0.5000
[GAI-A/reset] Epoch 500: Val Loss 0.00005 | Temp 0.4375
[GAI-A/reset] Epoch 1000: Val Loss 0.00003 | Temp 0.3750
[GAI-A/reset] Epoch 1500: Val Loss 0.00002 | Temp 0.3125
[GAI-A/reset] Epoch 2000: Val Loss 0.00001 | Temp 0.2500
